WARNING: Logging before InitGoogleLogging() is written to STDERR
I0924 19:15:49.391861 2234022 transport_selector.cpp:129] No 'policy' configured, using default transport selection
I0924 19:15:49.391943 2234022 ibv_loader.cpp:40] libibverbs lacks optional symbol ibv_query_port_speed; the fallback path will be used
I0924 19:15:49.392759 2234022 ibv_loader.cpp:123] IbvLoader: libibverbs loaded successfully, devices=8
W0924 19:15:49.397629 2234022 context.cpp:270] No network-attached GID found on ibp0, using non-network GID[0]
I0924 19:15:49.397634 2234022 context.cpp:938] Resolved GID index 0 for device ibp0: fe:80:00:00:00:00:00:00:a0:88:c2:03:00:96:84:44
I0924 19:15:49.401203 2234022 context.cpp:408] [RDMA] Relaxed ordering is supported and enabled for ibp0
W0924 19:15:49.406325 2234022 context.cpp:270] No network-attached GID found on ibp1, using non-network GID[0]
I0924 19:15:49.406334 2234022 context.cpp:938] Resolved GID index 0 for device ibp1: fe:80:00:00:00:00:00:00:a0:88:c2:03:00:99:48:a2
I0924 19:15:49.409726 2234022 context.cpp:408] [RDMA] Relaxed ordering is supported and enabled for ibp1
W0924 19:15:49.414745 2234022 context.cpp:270] No network-attached GID found on ibp2, using non-network GID[0]
I0924 19:15:49.414752 2234022 context.cpp:938] Resolved GID index 0 for device ibp2: fe:80:00:00:00:00:00:00:a0:88:c2:03:00:96:7d:fc
I0924 19:15:49.418210 2234022 context.cpp:408] [RDMA] Relaxed ordering is supported and enabled for ibp2
W0924 19:15:49.423285 2234022 context.cpp:270] No network-attached GID found on ibp3, using non-network GID[0]
I0924 19:15:49.423292 2234022 context.cpp:938] Resolved GID index 0 for device ibp3: fe:80:00:00:00:00:00:00:a0:88:c2:03:00:96:7e:f4
I0924 19:15:49.426842 2234022 context.cpp:408] [RDMA] Relaxed ordering is supported and enabled for ibp3
W0924 19:15:49.431474 2234022 context.cpp:270] No network-attached GID found on ibp4, using non-network GID[0]
I0924 19:15:49.431480 2234022 context.cpp:938] Resolved GID index 0 for device ibp4: fe:80:00:00:00:00:00:00:a0:88:c2:03:00:96:7e:2c
I0924 19:15:49.434988 2234022 context.cpp:408] [RDMA] Relaxed ordering is supported and enabled for ibp4
W0924 19:15:49.439616 2234022 context.cpp:270] No network-attached GID found on ibp5, using non-network GID[0]
I0924 19:15:49.439622 2234022 context.cpp:938] Resolved GID index 0 for device ibp5: fe:80:00:00:00:00:00:00:a0:88:c2:03:00:96:7d:a4
I0924 19:15:49.443126 2234022 context.cpp:408] [RDMA] Relaxed ordering is supported and enabled for ibp5
W0924 19:15:49.447742 2234022 context.cpp:270] No network-attached GID found on ibp6, using non-network GID[0]
I0924 19:15:49.447748 2234022 context.cpp:938] Resolved GID index 0 for device ibp6: fe:80:00:00:00:00:00:00:a0:88:c2:03:00:99:43:d2
I0924 19:15:49.451310 2234022 context.cpp:408] [RDMA] Relaxed ordering is supported and enabled for ibp6
W0924 19:15:49.455940 2234022 context.cpp:270] No network-attached GID found on ibp7, using non-network GID[0]
I0924 19:15:49.455946 2234022 context.cpp:938] Resolved GID index 0 for device ibp7: fe:80:00:00:00:00:00:00:a0:88:c2:03:00:99:48:b2
I0924 19:15:49.459488 2234022 context.cpp:408] [RDMA] Relaxed ordering is supported and enabled for ibp7
TENT transfer events: /mnt/home/kimbo/networkx/Mooncake/benchmark-results/tebench-1695.6UKR6R/events/tent-events-slurm-h100-206-025-2234022-WL8pRq.jsonl
I0924 19:15:49.467162 2234022 tent_metrics.cpp:789] TENT metrics disabled at compile time (TENT_METRICS_ENABLED=0)
I0924 19:15:49.467170 2234022 transfer_engine_impl.cpp:560] TENT Metrics system initialized
I0924 19:15:49.467173 2234022 transfer_engine_impl.cpp:577] Transfer Engine 10.0.1.136:15080 started successfully
I0924 19:15:49.614537 2234022 tent_backend.cpp:281] Allocated 268435456 bytes across 1 buffers (1 seg_types) in 144.242 ms, registered in 3.10274 ms
BlkSize (B)   Batch   BW (GB/s)     Avg Inst GB/s     Avg Lat (us)  Avg Tx (us)   P99 Tx (us)   P999 Tx (us)  
----------------------------------------------------------------------------------------------------------------------------------------------------------------
I0924 19:15:49.614588 2234022 segment_manager.cpp:56] Opened segment #1: 10.0.3.49:15309
I0924 19:15:49.615597 2234022 tent_backend.cpp:356] Opened 1 target segments
I0924 19:15:49.616968 2234231 rail_monitor.cpp:83] RailMonitor: error_threshold=3 error_window=10s cooldown=30s
4096          1       0.469360      0.525642          8.7           7.9           10.0          17.0          
8192          1       0.922188      1.022064          8.9           8.1           10.0          13.0          
16384         1       1.768671      2.024242          9.3           8.1           10.0          13.0          
32768         1       3.358902      3.779818          9.8           8.8           11.0          27.0          
65536         1       6.177216      7.051229          10.6          9.5           12.0          42.0          
I0924 19:16:19.856909 2234232 rail_monitor.cpp:83] RailMonitor: error_threshold=3 error_window=10s cooldown=30s
131072        1       10.045167     10.954978         13.0          12.0          15.0          20.0          
I0924 19:16:25.892422 2234233 rail_monitor.cpp:83] RailMonitor: error_threshold=3 error_window=10s cooldown=30s
I0924 19:16:25.892445 2234234 rail_monitor.cpp:83] RailMonitor: error_threshold=3 error_window=10s cooldown=30s
262144        1       15.069093     16.320715         17.4          16.2          19.0          26.0          
I0924 19:16:31.915925 2234236 rail_monitor.cpp:83] RailMonitor: error_threshold=3 error_window=10s cooldown=30s
I0924 19:16:31.915939 2234235 rail_monitor.cpp:83] RailMonitor: error_threshold=3 error_window=10s cooldown=30s
524288        1       20.906970     22.446398         25.1          23.5          32.0          36.0          
1048576       1       28.241735     29.897669         37.1          35.2          51.0          59.0          
2097152       1       29.478934     30.634496         71.1          68.6          88.0          98.0          
4194304       1       35.006569     35.852585         119.8         117.1         157.0         163.0         
8388608       1       38.724907     39.256378         216.6         214.0         251.1         303.0         
16777216      1       40.943403     41.265200         409.8         407.1         485.8         585.0         
33554432      1       41.237160     41.436511         813.7         811.0         820.6         1191.9        
67108864      1       41.765825     41.902221         1606.8        1604.1        2268.7        2364.9        
TENT trace incomplete: 276006 dropped records, write_failed=0, file=/mnt/home/kimbo/networkx/Mooncake/benchmark-results/tebench-1695.6UKR6R/events/tent-events-slurm-h100-206-025-2234022-WL8pRq.jsonl
