WARNING: Logging before InitGoogleLogging() is written to STDERR
I0924 19:11:07.327808 2232113 transport_selector.cpp:129] No 'policy' configured, using default transport selection
I0924 19:11:07.327888 2232113 ibv_loader.cpp:40] libibverbs lacks optional symbol ibv_query_port_speed; the fallback path will be used
I0924 19:11:07.328307 2232113 ibv_loader.cpp:123] IbvLoader: libibverbs loaded successfully, devices=8
W0924 19:11:07.332800 2232113 context.cpp:270] No network-attached GID found on ibp0, using non-network GID[0]
I0924 19:11:07.332806 2232113 context.cpp:938] Resolved GID index 0 for device ibp0: fe:80:00:00:00:00:00:00:a0:88:c2:03:00:96:84:44
I0924 19:11:07.336367 2232113 context.cpp:408] [RDMA] Relaxed ordering is supported and enabled for ibp0
W0924 19:11:07.341008 2232113 context.cpp:270] No network-attached GID found on ibp1, using non-network GID[0]
I0924 19:11:07.341017 2232113 context.cpp:938] Resolved GID index 0 for device ibp1: fe:80:00:00:00:00:00:00:a0:88:c2:03:00:99:48:a2
I0924 19:11:07.344523 2232113 context.cpp:408] [RDMA] Relaxed ordering is supported and enabled for ibp1
W0924 19:11:07.349125 2232113 context.cpp:270] No network-attached GID found on ibp2, using non-network GID[0]
I0924 19:11:07.349133 2232113 context.cpp:938] Resolved GID index 0 for device ibp2: fe:80:00:00:00:00:00:00:a0:88:c2:03:00:96:7d:fc
I0924 19:11:07.352630 2232113 context.cpp:408] [RDMA] Relaxed ordering is supported and enabled for ibp2
W0924 19:11:07.357265 2232113 context.cpp:270] No network-attached GID found on ibp3, using non-network GID[0]
I0924 19:11:07.357272 2232113 context.cpp:938] Resolved GID index 0 for device ibp3: fe:80:00:00:00:00:00:00:a0:88:c2:03:00:96:7e:f4
I0924 19:11:07.360749 2232113 context.cpp:408] [RDMA] Relaxed ordering is supported and enabled for ibp3
W0924 19:11:07.365381 2232113 context.cpp:270] No network-attached GID found on ibp4, using non-network GID[0]
I0924 19:11:07.365387 2232113 context.cpp:938] Resolved GID index 0 for device ibp4: fe:80:00:00:00:00:00:00:a0:88:c2:03:00:96:7e:2c
I0924 19:11:07.368930 2232113 context.cpp:408] [RDMA] Relaxed ordering is supported and enabled for ibp4
W0924 19:11:07.373584 2232113 context.cpp:270] No network-attached GID found on ibp5, using non-network GID[0]
I0924 19:11:07.373591 2232113 context.cpp:938] Resolved GID index 0 for device ibp5: fe:80:00:00:00:00:00:00:a0:88:c2:03:00:96:7d:a4
I0924 19:11:07.377125 2232113 context.cpp:408] [RDMA] Relaxed ordering is supported and enabled for ibp5
W0924 19:11:07.381755 2232113 context.cpp:270] No network-attached GID found on ibp6, using non-network GID[0]
I0924 19:11:07.381762 2232113 context.cpp:938] Resolved GID index 0 for device ibp6: fe:80:00:00:00:00:00:00:a0:88:c2:03:00:99:43:d2
I0924 19:11:07.385306 2232113 context.cpp:408] [RDMA] Relaxed ordering is supported and enabled for ibp6
W0924 19:11:07.389922 2232113 context.cpp:270] No network-attached GID found on ibp7, using non-network GID[0]
I0924 19:11:07.389930 2232113 context.cpp:938] Resolved GID index 0 for device ibp7: fe:80:00:00:00:00:00:00:a0:88:c2:03:00:99:48:b2
I0924 19:11:07.393457 2232113 context.cpp:408] [RDMA] Relaxed ordering is supported and enabled for ibp7
TENT transfer events: /mnt/home/kimbo/networkx/Mooncake/benchmark-results/tebench-1695.6UKR6R/events/tent-events-slurm-h100-206-025-2232113-2zgoGf.jsonl
I0924 19:11:07.403134 2232113 tent_metrics.cpp:789] TENT metrics disabled at compile time (TENT_METRICS_ENABLED=0)
I0924 19:11:07.403142 2232113 transfer_engine_impl.cpp:560] TENT Metrics system initialized
I0924 19:11:07.403146 2232113 transfer_engine_impl.cpp:577] Transfer Engine 10.0.1.136:15344 started successfully
I0924 19:11:07.539314 2232113 tent_backend.cpp:281] Allocated 268435456 bytes across 1 buffers (1 seg_types) in 133.08 ms, registered in 3.07029 ms
BlkSize (B)   Batch   BW (GB/s)     Avg Inst GB/s     Avg Lat (us)  Avg Tx (us)   P99 Tx (us)   P999 Tx (us)  
----------------------------------------------------------------------------------------------------------------------------------------------------------------
I0924 19:11:07.539356 2232113 segment_manager.cpp:56] Opened segment #1: 10.0.3.49:15309
I0924 19:11:07.540269 2232113 tent_backend.cpp:356] Opened 1 target segments
I0924 19:11:07.541702 2232314 rail_monitor.cpp:83] RailMonitor: error_threshold=3 error_window=10s cooldown=30s
4096          1       0.464863      0.526056          8.8           7.9           10.0          19.0          
8192          1       0.935271      1.029826          8.8           8.0           10.0          12.0          
16384         1       1.822381      2.028475          9.0           8.1           10.0          12.0          
32768         1       3.435800      3.921149          9.5           8.5           11.0          22.0          
65536         1       6.271211      7.118117          10.5          9.4           12.0          41.0          
I0924 19:11:37.760926 2232315 rail_monitor.cpp:83] RailMonitor: error_threshold=3 error_window=10s cooldown=30s
131072        1       10.170130     11.151413         12.9          11.8          15.0          21.0          
I0924 19:11:43.792387 2232316 rail_monitor.cpp:83] RailMonitor: error_threshold=3 error_window=10s cooldown=30s
I0924 19:11:43.792415 2232317 rail_monitor.cpp:83] RailMonitor: error_threshold=3 error_window=10s cooldown=30s
262144        1       15.572790     17.023883         16.8          15.4          17.0          21.0          
I0924 19:11:49.837131 2232318 rail_monitor.cpp:83] RailMonitor: error_threshold=3 error_window=10s cooldown=30s
I0924 19:11:49.837146 2232319 rail_monitor.cpp:83] RailMonitor: error_threshold=3 error_window=10s cooldown=30s
524288        1       21.487849     23.007293         24.4          22.9          27.0          32.0          
1048576       1       28.187441     29.771722         37.2          35.3          58.0          60.0          
2097152       1       29.951099     31.177730         70.0          67.4          99.0          103.0         
4194304       1       34.703609     35.542731         120.9         118.3         178.0         183.0         
8388608       1       37.688531     38.228264         222.6         219.9         257.5         342.5         
16777216      1       39.317007     39.751497         426.7         424.1         658.0         911.1         
33554432      1       40.077600     40.289908         837.2         834.6         1010.4        1290.0        
67108864      1       40.153680     40.308651         1671.3        1668.7        1800.2        2630.0        
TENT trace incomplete: 505420 dropped records, write_failed=0, file=/mnt/home/kimbo/networkx/Mooncake/benchmark-results/tebench-1695.6UKR6R/events/tent-events-slurm-h100-206-025-2232113-2zgoGf.jsonl
