WARNING: Logging before InitGoogleLogging() is written to STDERR
I0924 19:17:23.257109 2234663 transport_selector.cpp:129] No 'policy' configured, using default transport selection
I0924 19:17:23.257181 2234663 ibv_loader.cpp:40] libibverbs lacks optional symbol ibv_query_port_speed; the fallback path will be used
I0924 19:17:23.257588 2234663 ibv_loader.cpp:123] IbvLoader: libibverbs loaded successfully, devices=8
W0924 19:17:23.262072 2234663 context.cpp:270] No network-attached GID found on ibp0, using non-network GID[0]
I0924 19:17:23.262079 2234663 context.cpp:938] Resolved GID index 0 for device ibp0: fe:80:00:00:00:00:00:00:a0:88:c2:03:00:96:84:44
I0924 19:17:23.265558 2234663 context.cpp:408] [RDMA] Relaxed ordering is supported and enabled for ibp0
W0924 19:17:23.270175 2234663 context.cpp:270] No network-attached GID found on ibp1, using non-network GID[0]
I0924 19:17:23.270182 2234663 context.cpp:938] Resolved GID index 0 for device ibp1: fe:80:00:00:00:00:00:00:a0:88:c2:03:00:99:48:a2
I0924 19:17:23.273674 2234663 context.cpp:408] [RDMA] Relaxed ordering is supported and enabled for ibp1
W0924 19:17:23.278211 2234663 context.cpp:270] No network-attached GID found on ibp2, using non-network GID[0]
I0924 19:17:23.278218 2234663 context.cpp:938] Resolved GID index 0 for device ibp2: fe:80:00:00:00:00:00:00:a0:88:c2:03:00:96:7d:fc
I0924 19:17:23.281709 2234663 context.cpp:408] [RDMA] Relaxed ordering is supported and enabled for ibp2
W0924 19:17:23.286295 2234663 context.cpp:270] No network-attached GID found on ibp3, using non-network GID[0]
I0924 19:17:23.286302 2234663 context.cpp:938] Resolved GID index 0 for device ibp3: fe:80:00:00:00:00:00:00:a0:88:c2:03:00:96:7e:f4
I0924 19:17:23.289790 2234663 context.cpp:408] [RDMA] Relaxed ordering is supported and enabled for ibp3
W0924 19:17:23.294361 2234663 context.cpp:270] No network-attached GID found on ibp4, using non-network GID[0]
I0924 19:17:23.294368 2234663 context.cpp:938] Resolved GID index 0 for device ibp4: fe:80:00:00:00:00:00:00:a0:88:c2:03:00:96:7e:2c
I0924 19:17:23.297894 2234663 context.cpp:408] [RDMA] Relaxed ordering is supported and enabled for ibp4
W0924 19:17:23.302476 2234663 context.cpp:270] No network-attached GID found on ibp5, using non-network GID[0]
I0924 19:17:23.302484 2234663 context.cpp:938] Resolved GID index 0 for device ibp5: fe:80:00:00:00:00:00:00:a0:88:c2:03:00:96:7d:a4
I0924 19:17:23.305974 2234663 context.cpp:408] [RDMA] Relaxed ordering is supported and enabled for ibp5
W0924 19:17:23.310549 2234663 context.cpp:270] No network-attached GID found on ibp6, using non-network GID[0]
I0924 19:17:23.310556 2234663 context.cpp:938] Resolved GID index 0 for device ibp6: fe:80:00:00:00:00:00:00:a0:88:c2:03:00:99:43:d2
I0924 19:17:23.314056 2234663 context.cpp:408] [RDMA] Relaxed ordering is supported and enabled for ibp6
W0924 19:17:23.318684 2234663 context.cpp:270] No network-attached GID found on ibp7, using non-network GID[0]
I0924 19:17:23.318691 2234663 context.cpp:938] Resolved GID index 0 for device ibp7: fe:80:00:00:00:00:00:00:a0:88:c2:03:00:99:48:b2
I0924 19:17:23.322201 2234663 context.cpp:408] [RDMA] Relaxed ordering is supported and enabled for ibp7
TENT transfer events: /mnt/home/kimbo/networkx/Mooncake/benchmark-results/tebench-1695.6UKR6R/events/tent-events-slurm-h100-206-025-2234663-oNUhoa.jsonl
I0924 19:17:23.330044 2234663 tent_metrics.cpp:789] TENT metrics disabled at compile time (TENT_METRICS_ENABLED=0)
I0924 19:17:23.330055 2234663 transfer_engine_impl.cpp:560] TENT Metrics system initialized
I0924 19:17:23.330060 2234663 transfer_engine_impl.cpp:577] Transfer Engine 10.0.1.136:16369 started successfully
I0924 19:17:23.475998 2234663 tent_backend.cpp:281] Allocated 268435456 bytes across 1 buffers (1 seg_types) in 142.843 ms, registered in 3.07708 ms
BlkSize (B)   Batch   BW (GB/s)     Avg Inst GB/s     Avg Lat (us)  Avg Tx (us)   P99 Tx (us)   P999 Tx (us)  
----------------------------------------------------------------------------------------------------------------------------------------------------------------
I0924 19:17:23.476038 2234663 segment_manager.cpp:56] Opened segment #1: 10.0.3.49:15309
I0924 19:17:23.476894 2234663 tent_backend.cpp:356] Opened 1 target segments
I0924 19:17:23.478582 2234863 rail_monitor.cpp:83] RailMonitor: error_threshold=3 error_window=10s cooldown=30s
4096          1       0.471172      0.536286          8.7           7.7           10.0          19.0          
8192          1       0.939440      1.036152          8.7           8.0           10.0          12.0          
16384         1       1.815263      2.026426          9.0           8.1           10.0          12.0          
32768         1       3.463124      3.960713          9.5           8.3           11.0          17.6          
65536         1       6.285570      7.148256          10.4          9.3           12.0          42.0          
I0924 19:17:53.753320 2234864 rail_monitor.cpp:83] RailMonitor: error_threshold=3 error_window=10s cooldown=30s
131072        1       10.181637     11.103403         12.9          11.9          15.0          18.0          
I0924 19:17:59.785759 2234866 rail_monitor.cpp:83] RailMonitor: error_threshold=3 error_window=10s cooldown=30s
I0924 19:17:59.785818 2234865 rail_monitor.cpp:83] RailMonitor: error_threshold=3 error_window=10s cooldown=30s
262144        1       15.148352     16.426768         17.3          16.0          19.0          22.0          
I0924 19:18:05.811924 2234868 rail_monitor.cpp:83] RailMonitor: error_threshold=3 error_window=10s cooldown=30s
I0924 19:18:05.811941 2234867 rail_monitor.cpp:83] RailMonitor: error_threshold=3 error_window=10s cooldown=30s
524288        1       21.010883     22.571327         25.0          23.4          32.0          37.0          
1048576       1       27.856722     29.536765         37.6          35.6          58.0          60.0          
2097152       1       29.720205     30.978545         70.6          67.8          99.0          103.0         
4194304       1       34.495969     35.366908         121.6         118.9         176.8         184.0         
8388608       1       37.597862     38.154500         223.1         220.4         336.0         344.0         
16777216      1       39.481337     39.819019         424.9         422.3         652.3         663.0         
33554432      1       40.062630     40.277398         837.5         834.8         1001.0        1290.0        
67108864      1       40.145419     40.301004         1671.6        1669.0        1897.1        2635.0        
TENT trace incomplete: 378892 dropped records, write_failed=0, file=/mnt/home/kimbo/networkx/Mooncake/benchmark-results/tebench-1695.6UKR6R/events/tent-events-slurm-h100-206-025-2234663-oNUhoa.jsonl
